// Jest Snapshot v1, https://goo.gl/fbAQLP

exports[`TopPage TopPageÁîªÈù¢ snapshotÁ¢∫Ë™ç: TopPage 1`] = `
<DocumentFragment>
  <div>
    <div
      class="header"
    >
      <a
        class="active"
        href="/"
      >
        <img
          alt="Amazon logo"
          class="header__logo"
          src="http://pngimg.com/uploads/amazon/amazon_PNG11.png"
        />
      </a>
      <div
        class="header__search"
      >
        <input
          class="header__searchInput"
          type="text"
        />
        <svg
          aria-hidden="true"
          class="MuiSvgIcon-root header__searchIcon"
          focusable="false"
          viewBox="0 0 24 24"
        >
          <path
            d="M15.5 14h-.79l-.28-.27C15.41 12.59 16 11.11 16 9.5 16 5.91 13.09 3 9.5 3S3 5.91 3 9.5 5.91 16 9.5 16c1.61 0 3.09-.59 4.23-1.57l.27.28v.79l5 4.99L20.49 19l-4.99-5zm-6 0C7.01 14 5 11.99 5 9.5S7.01 5 9.5 5 14 7.01 14 9.5 11.99 14 9.5 14z"
          />
        </svg>
      </div>
      <div
        class="header__nav"
      >
        <a
          href="/login"
        >
          <div
            class="header__option"
          >
            <span
              class="header__optionLineOne"
            >
              Hello xxxx@yyyy.com
            </span>
            <span
              class="header__optionLineTwo"
            >
              Sign In
            </span>
          </div>
        </a>
        <a
          href="/orders"
        >
          <div
            class="header__option"
          >
            <span
              class="header__optionLineOne"
            >
              Returns
            </span>
            <span
              class="header__optionLineTwo"
            >
              & Orders
            </span>
          </div>
        </a>
        <div
          class="header__option"
        >
          <span
            class="header__optionLineOne"
          >
            Your
          </span>
          <span
            class="header__optionLineTwo"
          >
            Prime
          </span>
        </div>
        <a
          href="/checkout"
        >
          <div
            class="header__optionBasket"
          >
            <svg
              aria-hidden="true"
              class="MuiSvgIcon-root"
              focusable="false"
              viewBox="0 0 24 24"
            >
              <path
                d="M17.21 9l-4.38-6.56c-.19-.28-.51-.42-.83-.42-.32 0-.64.14-.83.43L6.79 9H2c-.55 0-1 .45-1 1 0 .09.01.18.04.27l2.54 9.27c.23.84 1 1.46 1.92 1.46h13c.92 0 1.69-.62 1.93-1.46l2.54-9.27L23 10c0-.55-.45-1-1-1h-4.79zM9 9l3-4.4L15 9H9zm3 8c-1.1 0-2-.9-2-2s.9-2 2-2 2 .9 2 2-.9 2-2 2z"
              />
            </svg>
            <span
              class="header__optionLineTwo header__basketCount"
            >
              3
            </span>
          </div>
        </a>
      </div>
    </div>
    <div
      class="home"
    >
      <div
        class="home__container"
      >
        <div
          class="home__image"
        >
          <div
            class="Carousel-root-1 "
          >
            <div
              class="CarouselItem"
            >
              <div
                style="opacity: 1; webkit-transition: opacity 500ms cubic-bezier(0.4, 0, 0.2, 1) 0ms; transition: opacity 500ms cubic-bezier(0.4, 0, 0.2, 1) 0ms;"
              >
                <div
                  class="MuiPaper-root MuiPaper-elevation1 MuiPaper-rounded"
                >
                  <img
                    alt="amazon banner"
                    src="https://images-eu.ssl-images-amazon.com/images/G/02/digital/video/merch2016/Hero/Covid19/Generic/GWBleedingHero_ENG_COVIDUPDATE__XSite_1500x600_PV_en-GB._CB428684220_.jpg"
                  />
                </div>
              </div>
            </div>
            <div
              class="Carousel-buttonWrapper-6   Carousel-next-12"
            >
              <button
                aria-label="Next"
                class="MuiButtonBase-root MuiIconButton-root Carousel-button-11 Carousel-buttonHidden-10  "
                tabindex="0"
                type="button"
              >
                <span
                  class="MuiIconButton-label"
                >
                  <svg
                    aria-hidden="true"
                    class="MuiSvgIcon-root"
                    focusable="false"
                    viewBox="0 0 24 24"
                  >
                    <path
                      d="M10 6L8.59 7.41 13.17 12l-4.58 4.59L10 18l6-6z"
                    />
                  </svg>
                </span>
                <span
                  class="MuiTouchRipple-root"
                />
              </button>
            </div>
            <div
              class="Carousel-buttonWrapper-6   Carousel-prev-13"
            >
              <button
                aria-label="Previous"
                class="MuiButtonBase-root MuiIconButton-root Carousel-button-11 Carousel-buttonHidden-10  "
                tabindex="0"
                type="button"
              >
                <span
                  class="MuiIconButton-label"
                >
                  <svg
                    aria-hidden="true"
                    class="MuiSvgIcon-root"
                    focusable="false"
                    viewBox="0 0 24 24"
                  >
                    <path
                      d="M15.41 7.41L14 6l-6 6 6 6 1.41-1.41L10.83 12z"
                    />
                  </svg>
                </span>
                <span
                  class="MuiTouchRipple-root"
                />
              </button>
            </div>
          </div>
        </div>
        <div
          class="home__rowContainer"
        >
          <div
            class="home__row"
          >
            <div
              class="product"
            >
              <div
                class="product__info"
              >
                <p>
                  The Lean Startup: How Constant Innovation Creates Radically Successful Businesses Paperback
                </p>
                <p
                  class="product__price"
                >
                  <small>
                    $
                  </small>
                  <strong>
                    11.96
                  </strong>
                </p>
                <div
                  class="product__rating"
                >
                  <p>
                    üåü
                  </p>
                  <p>
                    üåü
                  </p>
                  <p>
                    üåü
                  </p>
                  <p>
                    üåü
                  </p>
                  <p>
                    üåü
                  </p>
                </div>
              </div>
              <div
                class="product__rating"
              />
              <img
                alt="The Lean Startup book cover"
                src="https://images-na.ssl-images-amazon.com/images/I/51Zymoq7UnL._SX325_BO1,204,203,200_.jpg"
              />
              <button>
                Add to Basket
              </button>
            </div>
            <div
              class="product"
            >
              <div
                class="product__info"
              >
                <p>
                  Kenwood kMix Stand Mixer for Baking, Stylish Kitchen Mixer with K-beater, Dough Hook and Whisk, 5 Litre Glass Bowl
                </p>
                <p
                  class="product__price"
                >
                  <small>
                    $
                  </small>
                  <strong>
                    239
                  </strong>
                </p>
                <div
                  class="product__rating"
                >
                  <p>
                    üåü
                  </p>
                  <p>
                    üåü
                  </p>
                  <p>
                    üåü
                  </p>
                  <p>
                    üåü
                  </p>
                </div>
              </div>
              <div
                class="product__rating"
              />
              <img
                alt="The Lean Startup book cover"
                src="https://images-na.ssl-images-amazon.com/images/I/81O%2BGNdkzKL._AC_SX450_.jpg"
              />
              <button>
                Add to Basket
              </button>
            </div>
          </div>
          <div
            class="home__row"
          >
            <div
              class="product"
            >
              <div
                class="product__info"
              >
                <p>
                  Samsung LC49RG90SSUXEN 49' Curved LED Gaming Monitor
                </p>
                <p
                  class="product__price"
                >
                  <small>
                    $
                  </small>
                  <strong>
                    199.99
                  </strong>
                </p>
                <div
                  class="product__rating"
                >
                  <p>
                    üåü
                  </p>
                  <p>
                    üåü
                  </p>
                  <p>
                    üåü
                  </p>
                </div>
              </div>
              <div
                class="product__rating"
              />
              <img
                alt="The Lean Startup book cover"
                src="https://images-na.ssl-images-amazon.com/images/I/71Swqqe7XAL._AC_SX466_.jpg"
              />
              <button>
                Add to Basket
              </button>
            </div>
            <div
              class="product"
            >
              <div
                class="product__info"
              >
                <p>
                  Amazon Echo (3rd generation) | Smart speaker with Alexa, Charcoal Fabric
                </p>
                <p
                  class="product__price"
                >
                  <small>
                    $
                  </small>
                  <strong>
                    98.99
                  </strong>
                </p>
                <div
                  class="product__rating"
                >
                  <p>
                    üåü
                  </p>
                  <p>
                    üåü
                  </p>
                  <p>
                    üåü
                  </p>
                  <p>
                    üåü
                  </p>
                  <p>
                    üåü
                  </p>
                </div>
              </div>
              <div
                class="product__rating"
              />
              <img
                alt="The Lean Startup book cover"
                src="https://media.very.co.uk/i/very/P6LTG_SQ1_0000000071_CHARCOAL_SLf?$300x400_retinamobilex2$"
              />
              <button>
                Add to Basket
              </button>
            </div>
            <div
              class="product"
            >
              <div
                class="product__info"
              >
                <p>
                  New Apple iPad Pro (12.9-inch, Wi-Fi, 128GB) - Silver (4th Generation)
                </p>
                <p
                  class="product__price"
                >
                  <small>
                    $
                  </small>
                  <strong>
                    598.99
                  </strong>
                </p>
                <div
                  class="product__rating"
                >
                  <p>
                    üåü
                  </p>
                  <p>
                    üåü
                  </p>
                  <p>
                    üåü
                  </p>
                  <p>
                    üåü
                  </p>
                </div>
              </div>
              <div
                class="product__rating"
              />
              <img
                alt="The Lean Startup book cover"
                src="https://images-na.ssl-images-amazon.com/images/I/816ctt5WV5L._AC_SX385_.jpg"
              />
              <button>
                Add to Basket
              </button>
            </div>
          </div>
          <div
            class="home__row"
          >
            <div
              class="product"
            >
              <div
                class="product__info"
              >
                <p>
                  Samsung LC49RG90SSUXEN 49' Curved LED Gaming Monitor - Super Ultra Wide Dual WQHD 5120 x 1440
                </p>
                <p
                  class="product__price"
                >
                  <small>
                    $
                  </small>
                  <strong>
                    1094.98
                  </strong>
                </p>
                <div
                  class="product__rating"
                >
                  <p>
                    üåü
                  </p>
                  <p>
                    üåü
                  </p>
                  <p>
                    üåü
                  </p>
                  <p>
                    üåü
                  </p>
                </div>
              </div>
              <div
                class="product__rating"
              />
              <img
                alt="The Lean Startup book cover"
                src="https://images-na.ssl-images-amazon.com/images/I/6125mFrzr6L._AC_SX355_.jpg"
              />
              <button>
                Add to Basket
              </button>
            </div>
          </div>
        </div>
      </div>
    </div>
  </div>
</DocumentFragment>
`;
