// Jest Snapshot v1, https://goo.gl/fbAQLP

exports[`PaymentPage PaymentPageÁîªÈù¢ snapshotÁ¢∫Ë™ç: PaymentPage 1`] = `
<DocumentFragment>
  <div>
    <div
      class="header"
    >
      <a
        class="active"
        href="/"
      >
        <img
          alt="Amazon logo"
          class="header__logo"
          src="http://pngimg.com/uploads/amazon/amazon_PNG11.png"
        />
      </a>
      <div
        class="header__search"
      >
        <input
          class="header__searchInput"
          type="text"
        />
        <svg
          aria-hidden="true"
          class="MuiSvgIcon-root header__searchIcon"
          focusable="false"
          viewBox="0 0 24 24"
        >
          <path
            d="M15.5 14h-.79l-.28-.27C15.41 12.59 16 11.11 16 9.5 16 5.91 13.09 3 9.5 3S3 5.91 3 9.5 5.91 16 9.5 16c1.61 0 3.09-.59 4.23-1.57l.27.28v.79l5 4.99L20.49 19l-4.99-5zm-6 0C7.01 14 5 11.99 5 9.5S7.01 5 9.5 5 14 7.01 14 9.5 11.99 14 9.5 14z"
          />
        </svg>
      </div>
      <div
        class="header__nav"
      >
        <a
          href="/login"
        >
          <div
            class="header__option"
          >
            <span
              class="header__optionLineOne"
            >
              Âπ≥ÈáéÁõ¥Âº•„Åï„Çì
            </span>
            <span
              class="header__optionLineTwo"
            >
              „É≠„Ç∞„Ç§„É≥
            </span>
          </div>
        </a>
        <a
          href="/orders"
        >
          <div
            class="header__option"
          >
            <span
              class="header__optionLineOne"
            >
              ËøîÂìÅ„ÇÇ„Åì„Å°„Çâ
            </span>
            <span
              class="header__optionLineTwo"
            >
              Ê≥®ÊñáÂ±•Ê≠¥
            </span>
          </div>
        </a>
        <div
          class="header__option"
        >
          <span
            class="header__optionLineOne"
          >
            „ÅÇ„Å™„Åü„ÅÆ
          </span>
          <span
            class="header__optionLineTwo"
          >
            „Ç¢„Ç´„Ç¶„É≥„Éà
          </span>
        </div>
        <a
          href="/checkout"
        >
          <div
            class="header__optionBasket"
          >
            <svg
              aria-hidden="true"
              class="MuiSvgIcon-root"
              focusable="false"
              viewBox="0 0 24 24"
            >
              <path
                d="M17.21 9l-4.38-6.56c-.19-.28-.51-.42-.83-.42-.32 0-.64.14-.83.43L6.79 9H2c-.55 0-1 .45-1 1 0 .09.01.18.04.27l2.54 9.27c.23.84 1 1.46 1.92 1.46h13c.92 0 1.69-.62 1.93-1.46l2.54-9.27L23 10c0-.55-.45-1-1-1h-4.79zM9 9l3-4.4L15 9H9zm3 8c-1.1 0-2-.9-2-2s.9-2 2-2 2 .9 2 2-.9 2-2 2z"
              />
            </svg>
            <span
              class="header__optionLineTwo header__basketCount"
            >
              3
            </span>
          </div>
        </a>
      </div>
    </div>
    <div
      class="payment"
    >
      <div
        class="payment__container"
      >
        <h1>
          Checkout (
          <a
            href="/checkout"
          >
            3 items
          </a>
          )
        </h1>
        <div
          class="payment__section"
        >
          <div
            class="payment__title"
          >
            <h3>
              Delivery Address
            </h3>
          </div>
          <div
            class="payment__address"
          >
            <p>
              xxxx@yyyy.com
            </p>
            <p>
              123 React Lane
            </p>
            <p>
              Los Angeles, CA
            </p>
          </div>
        </div>
        <div
          class="payment__section"
        >
          <div
            class="payment__title"
          >
            <h3>
              Review Items and Delivery
            </h3>
          </div>
          <div
            class="payment__items"
          >
            <div
              class="checkoutProduct"
            >
              <img
                alt="checkoutProductImg"
                class="checkoutProduct__image"
                src="https://www.anoyama.com/wp-content/uploads/2019/05/0_equipment-860x550.jpg"
              />
              <div
                class="checkoutProduct__info"
              >
                <p
                  class="checkoutProduct__title"
                >
                  ÁôªÂ±±„Ç∞„ÉÉ„Ç∫‰∏ÄÂºè
                </p>
                <p
                  class="checkoutProduct__price"
                >
                  <small>
                    ¬•
                  </small>
                  <strong>
                    23,400
                  </strong>
                </p>
                <div
                  class="checkoutProduct__rating"
                >
                  <p>
                    üåü
                  </p>
                  <p>
                    üåü
                  </p>
                  <p>
                    üåü
                  </p>
                  <p>
                    üåü
                  </p>
                </div>
                <button>
                  „Ç´„Éº„Éà„Åã„ÇâÂâäÈô§
                </button>
              </div>
            </div>
            <div
              class="checkoutProduct"
            >
              <img
                alt="checkoutProductImg"
                class="checkoutProduct__image"
                src="https://images.camphack.jp/wp-content/uploads/2022/02/image19.jpeg"
              />
              <div
                class="checkoutProduct__info"
              >
                <p
                  class="checkoutProduct__title"
                >
                  „Ç≠„É£„É≥„Éó„Ç∞„ÉÉ„Ç∫‰∏ÄÂºè
                </p>
                <p
                  class="checkoutProduct__price"
                >
                  <small>
                    ¬•
                  </small>
                  <strong>
                    53,400
                  </strong>
                </p>
                <div
                  class="checkoutProduct__rating"
                >
                  <p>
                    üåü
                  </p>
                  <p>
                    üåü
                  </p>
                  <p>
                    üåü
                  </p>
                  <p>
                    üåü
                  </p>
                  <p>
                    üåü
                  </p>
                </div>
                <button>
                  „Ç´„Éº„Éà„Åã„ÇâÂâäÈô§
                </button>
              </div>
            </div>
            <div
              class="checkoutProduct"
            >
              <img
                alt="checkoutProductImg"
                class="checkoutProduct__image"
                src="https://m.media-amazon.com/images/I/616AAPLKJTL._AC_UY500_.jpg"
              />
              <div
                class="checkoutProduct__info"
              >
                <p
                  class="checkoutProduct__title"
                >
                  ÁôªÂ±±„Ç∑„É•„Éº„Ç∫
                </p>
                <p
                  class="checkoutProduct__price"
                >
                  <small>
                    ¬•
                  </small>
                  <strong>
                    16,400
                  </strong>
                </p>
                <div
                  class="checkoutProduct__rating"
                >
                  <p>
                    üåü
                  </p>
                  <p>
                    üåü
                  </p>
                  <p>
                    üåü
                  </p>
                </div>
                <button>
                  „Ç´„Éº„Éà„Åã„ÇâÂâäÈô§
                </button>
              </div>
            </div>
          </div>
        </div>
        <div
          class="payment__section"
        >
          <div
            class="payment__title"
          >
            <h3>
              ÊîØÊâï„ÅÑÊñπÊ≥ï
            </h3>
          </div>
          <div
            class="payment__details"
          >
            <form>
              <div />
              <div
                class="payment__priceContainer"
              >
                <h3>
                  ÂêàË®à: $77,555
                </h3>
                <button>
                  <span>
                    Ë≥ºÂÖ•„Åô„Çã
                  </span>
                </button>
              </div>
            </form>
          </div>
        </div>
      </div>
    </div>
  </div>
</DocumentFragment>
`;
