// Jest Snapshot v1, https://goo.gl/fbAQLP

exports[`Login Login画面 snapshot確認: Login 1`] = `
<DocumentFragment>
  <div
    class="login"
  >
    <a
      href="/"
    >
      <img
        class="login__logo"
        src="https://upload.wikimedia.org/wikipedia/commons/thumb/a/a9/Amazon_logo.svg/1024px-Amazon_logo.svg.png"
      />
    </a>
    <div
      class="login__container"
    >
      <h1>
        Sign In
      </h1>
      <form>
        <h5>
          Email
        </h5>
        <input
          type="text"
        />
        <h5>
          Password
        </h5>
        <input
          type="password"
        />
        <button
          class="login_signInButton"
        >
          Sign In
        </button>
      </form>
      <p>
        By signing in you agree to Amazon FAKE CLONE's Conditions of Use & Sale. Please see our Privacy Notice, or Cookies Notice and our Interest-Based Ads Notice.
      </p>
      <button
        class="login__registerButton"
      >
        Create your Amazon Account
      </button>
    </div>
  </div>
</DocumentFragment>
`;
